 *** Git으로 시작하는 협업 및 오픈소스 프로젝트

  [1] Git Hub  Config Setting
      1.1 C:\Users\Jake>git
      1.2 C:\Users\Jake>git --version
      1.3 C:\Users\Jake>git config --global user.name david-myoungho-jung
      1.4 C:\Users\Jake>git config --global user.email david.myoungho.jung@gmail.com
  [2] Clone 
      2.1 C:\git-edu\david-myoungho-jung>dir
            21/10/2021  03:49 PM 7 readme.txt
      2.2 C:\git-edu>git clone https://github.com/david-myoungho-jung/david-myoungho-jung.git
             Cloning into 'david-myoungho-jung'...
             warning: You appear to have cloned an empty repository.
      2.3 C:\git-edu\david-myoungho-jung>git add readme.txt
      2.4 C:\git-edu\david-myoungho-jung>git commit -m "Add Text File [readme.txt]"
            [master (root-commit) 589f02e] Add Text File [readme.txt]
            1 file changed, 1 insertion(+)
            create mode 100644 readme.txt
      2.5 C:\git-edu\david-myoungho-jung>git push
             Enumerating objects: 3, done.
             Counting objects: 100% (3/3), done.
             Writing objects: 100% (3/3), 245 bytes | 245.00 KiB/s, done.
             Total 3 (delta 0), reused 0 (delta 0), pack-reused 0
             To https://github.com/david-myoungho-jung/david-myoungho-jung.git
             * [new branch]   master -> master
             
  [3] Remote Repository
     3.1 git fetch       
     3.2 git merge
     3.3 git pull (git fetch / git merge 동시수행)  
   
  [4] 
     4.1 git status
            On branch master
            Your branch is up to date with 'origin/master'.

            Untracked files:
               (use "git add <file>..." to include in what will be committed)
               config.txt

            nothing added to commit but untracked files present (use "git add" to track)
      4.2 git add config.txt -> stage area에 add
          git add . -> 모든 수정내역을 stage aread add
      4.3 git status
           On branch master
           Your branch is up to date with 'origin/master'.

           Changes to be committed:
             (use "git restore --staged <file>..." to unstage)
                new file:   config.txt
      4.4 git reset config.txt -> stage area add 취소할때
      4.5 git commit -m "Add config.txt [Add]"
          [master e113a69] Add config.txt [Add]
          1 file changed, 1 insertion(+)
          create mode 100644 config.txt
      4.6 git status
          On branch master
          Your branch is ahead of 'origin/master' by 1 commit.
             (use "git push" to publish your local commits)
          nothing to commit, working tree clean
      4.7 git push
            Enumerating objects: 3, done.
            Counting objects: 100% (3/3), done.
            Delta compression using up to 4 threads
            Compressing objects: 100% (2/2), done.
            Writing objects: 100% (2/2), 264 bytes | 88.00 KiB/s, done.
            Total 2 (delta 0), reused 0 (delta 0), pack-reused 0
            To https://github.com/david-myoungho-jung/david-myoungho-jung.git
               589f02e..e113a69  master -> master
       4.8 config.txt 파일 수정
       4.9 git status
            On branch master
            Your branch is up to date with 'origin/master'.

            Changes not staged for commit:
              (use "git add <file>..." to update what will be committed)
              (use "git restore <file>..." to discard changes in working directory)
                    modified:   config.txt

            no changes added to commit (use "git add" and/or "git commit -a")
       4.10 git checkout -- config.txt   -> 수정한것을 취소할대
       4.11 git status
            On branch master
            Your branch is up to date with 'origin/master'.

            nothing to commit, working tree clean
    [5]
       5.1 git pull
           Already up to date.
       5.2 git log
            commit b12b27303ea1f7a126488bcdd8ce4c27ca44a383
            Author: david-myoungho-jung <david.myoungho.jung@gmail.com>
            Date:   Wed Nov 3 11:41:18 2021 +1000

                Add Git-Hub.txt [Add]

            commit 0c68f551bd725bb8cdf815100f394f28801899a3
            Author: David Myoungho, Jung <82858977+david-myoungho-jung@users.noreply.github.com>
            Date:   Wed Oct 27 16:37:30 2021 +1000

                Delete EntityDao                
       5.3 git reset --hard 0c68f551bd725bb8cdf815100f394f28801899a3 > 해당 commit 이전상태로 복구 송
       
    [6]로컬저장소를 강제로 서버로 전
       6.1 git push -f > 로컬 저장소의 내용을 강제로 서버로 전송 
       6.2 git commit -amend > commit 메시지를 변경할때 사용
       
    [7] Branch 추가/삭제/병합
       7.1 git branch  > branch list를 보여준다
       7.2 git branch develop > develop branch를 추가한다
       7.3 git checkout develop > develop brance를 사용하도록 이동
       7.4 merge.txt 파일생성
       7.5 git add .
       7.6 git commit -m "Add merge.txt [Add]"
       7.7 git checkout master
       7.8 git merge develop > develop와 master Merge한다
       7.9 git push
       7.10 git branch -d develop > 병합이 완료된 brance 삭제
       
    [8] Merge시 충돌문제 해결
       8.1 git branch develop
       8.2 git checkout develop
       8.3 merge.txt 수정
       8.4 git add .
       8.5 git commit -m "merge.txt update"
       8.6 git log
			       commit 209c18b55e06dd09345a9f9050613745354ff954 (HEAD -> develop)
						 Author: david-myoungho-jung <david.myoungho.jung@gmail.com>
						 Date:   Wed Nov 3 14:49:39 2021 +1000		
			       update
			 8.7 git checkout master
			 8.8 merge.txt 수정 > master branch와 develop branch의 merge.txt 파일이 서로 다르다 
			 8.9 git add . 
			 8.10 git commit -m "modify merge.txt"
			 8.11 git log > 서로다른 log를 보여준다
			 8.12 git merge develop
			    Auto-merging readme.txt
			  	CONFLICT (content): Merge conflict in readme.txt
					Automatic merge failed; fix conflicts and then commit the result.
			 8.13 merge.txt 파일을 열어서 춤돌된 부분을 병합한 후 저장
			 8.14 git add .
			 8.15 git commit -m "merge test"
			 8.16 git merge develop
			    Already up to date.
			 8.17 git branch -d develop
			 8.18 git push
			
		[9] 원격 저장소 관리	 
		   9.1 git remote
		       origin
			 9.2 git remote show origin      
					*remote origin
				  Fetch URL: https://github.com/david-myoungho-jung/david-myoungho-jung.git
				  Push  URL: https://github.com/david-myoungho-jung/david-myoungho-jung.git
				  HEAD branch: master
				  Remote branch:
				    master tracked
				  Local branch configured for 'git pull':
				    master merges with remote master
				  Local ref configured for 'git push':
				    master pushes to master (up to date)   
		   9.3 git remote add myTemp https://github.com/david-myoungho-jung/Git-Study.git > 원격저장소생성(기존생성된 저장소 연결?)
		   9.4 git remote -v 
		       myTemp  https://github.com/david-myoungho-jung/Git-Study.git (fetch)
               myTemp  https://github.com/david-myoungho-jung/Git-Study.git (push)
			   origin  https://github.com/david-myoungho-jung/david-myoungho-jung.git (fetch)
			   origin  https://github.com/david-myoungho-jung/david-myoungho-jung.git (push)
           9.5 git remote rename myTemp myRemote > 저장소이름을 변경
           9.6 git remote rm myRemote > 저장소 삭제
       
       [10] git에서 log 관리
           10.1 git log > Q입력시 log text 종료
           10.2 git log --stat
                실제로 얼마나 많은 정보가 추가 되었는지 조회됨
           10.3 git log -p -3 > 위에서 부터 3개만 출력
           10.4 git log --pretty=oneline > 각각의 commit 내역이 1줄로 표시됨
           10.5 git log --pretty=format:"%h -> %an, %ar :%s" --graph

       [11] 프로젝트 소개글 작성
            11.1 readme.md 파일생성 후 작성
            ## Git Readme
                    ```` c
                    #include <stdio.h>
                    int main() {
                        print("Hello World !!"); 
                        return  0;
                    }
                    ````
                    ## 링크
                    [블로그주소](https://naver.com)
        
                    ## 순서없는 목록
        
                    * Git Totural
                      * Git Clone
                      * Git Commit 
                         * Git Commit 1
                         * Git Commit 2

                    ## 인용구문 
                    > 'Do your best'

                    ## 테이블

                    이름|영어|수학|
                    ---|---|---|
                    홍길동|100|100|
                    임꺽정|90|90|

                    ## 강조
                    **Good Bye**